// Jest Snapshot v1, https://goo.gl/fbAQLP

exports[`SquareImg renders correctly 1`] = `
.c0 {
  position: relative;
  margin: 0;
  padding-top: 100%;
}

.c0 img {
  position: absolute;
  left: 0;
  top: 0;
  width: 100%;
  height: 100%;
  object-fit: contain;
}

<figure
  className="c0"
>
  <img
    alt="alt"
    src="src"
  />
</figure>
`;
